[17:10:19] [Android Thread-16/INFO]: Initializing MobileGL...
[17:10:19] [Android Thread-16/INFO]: Config: Active backend type set to DirectVulkan
[17:10:19] [Android Thread-16/INFO]: Config loaded
[17:10:19] [Android Thread-16/INFO]: MobileGL Backend Info:
[17:10:19] [Android Thread-16/INFO]:   Renderer Name: Magma
[17:10:19] [Android Thread-16/INFO]:   Backend Name: Direct (Vulkan)
[17:10:19] [Android Thread-16/INFO]:   Target OpenGL Version: 4.6
[17:10:19] [Android Thread-16/INFO]:   Target GLSL Version: 4.6
[17:10:19] [Android Thread-16/INFO]:   OpenGL Extensions:
[17:10:19] [Android Thread-16/INFO]:     - OpenGL30
[17:10:19] [Android Thread-16/INFO]:     - OpenGL31
[17:10:19] [Android Thread-16/INFO]:     - OpenGL32
[17:10:19] [Android Thread-16/INFO]:     - OpenGL33
[17:10:19] [Android Thread-16/INFO]:     - OpenGL40
[17:10:19] [Android Thread-16/INFO]:     - OpenGL41
[17:10:19] [Android Thread-16/INFO]:     - OpenGL42
[17:10:19] [Android Thread-16/INFO]:     - OpenGL43
[17:10:19] [Android Thread-16/INFO]:     - OpenGL44
[17:10:19] [Android Thread-16/INFO]:     - OpenGL45
[17:10:19] [Android Thread-16/INFO]:     - OpenGL46
[17:10:19] [Android Thread-16/INFO]:     - GL_ARB_draw_buffers_blend
[17:10:19] [Android Thread-16/INFO]:     - GL_ARB_compute_shader
[17:10:19] [Android Thread-16/INFO]:     - GL_ARB_shader_storage_buffer_object
[17:10:19] [Android Thread-16/INFO]:     - GL_ARB_shader_image_load_store
[17:10:19] [Android Thread-16/INFO]:     - GL_ARB_clear_buffer_object
[17:10:19] [Android Thread-16/INFO]:     - GL_ARB_program_interface_query
[17:10:19] [Android Thread-16/INFO]:     - GL_ARB_framebuffer_object
[17:10:19] [Android Thread-16/INFO]:     - GL_ARB_draw_indirect
[17:10:19] [Android Thread-16/INFO]:     - GL_ARB_multi_draw_indirect
[17:10:19] [Android Thread-16/INFO]:     - GL_ARB_indirect_parameters
[17:10:19] [Android Thread-16/INFO]:     - GL_EXT_framebuffer_object
[17:10:19] [Android Thread-16/INFO]:     - GL_ARB_depth_texture
[17:10:19] [Android Thread-16/INFO]:     - GL_ARB_buffer_storage
[17:10:19] [Android Thread-16/INFO]:     - GL_ARB_texture_storage
[17:10:19] [Android Thread-16/INFO]:     - GL_ARB_texture_storage_multisample
[17:10:19] [Android Thread-16/INFO]:     - GL_ARB_texture_multisample
[17:10:19] [Android Thread-16/INFO]:     - GL_ARB_clear_texture
[17:10:19] [Android Thread-16/INFO]:     - GL_ARB_direct_state_access
[17:10:19] [Android Thread-16/INFO]:     - GL_ARB_shader_draw_parameters
[17:10:19] [Android Thread-16/INFO]:     - GL_ARB_gpu_shader_int64
[17:10:19] [Android Thread-16/INFO]:     - GL_KHR_debug
[17:10:19] [Android Thread-16/INFO]:     - GL_ARB_gpu_shader5
[17:10:19] [Android Thread-16/INFO]:     - GL_ARB_multi_bind
[17:10:19] [Android Thread-16/INFO]:     - GL_ARB_shading_language_420pack
[17:10:19] [Android Thread-16/INFO]:     - GL_ARB_vertex_attrib_binding
[17:10:19] [Android Thread-16/INFO]:     - GL_ARB_shader_image_size
[17:10:19] [Android Thread-16/INFO]:     - GL_ARB_explicit_attrib_location
[17:10:19] [Android Thread-16/INFO]:     - GL_ARB_uniform_buffer_object
[17:10:19] [Android Thread-16/INFO]:     - GL_ARB_stencil_texturing
[17:10:19] [Android Thread-16/INFO]:     - GL_ARB_texture_view
[17:10:19] [Android Thread-16/INFO]:     - GL_ARB_draw_elements_base_vertex
[17:10:19] [Android Thread-16/INFO]:     - GL_ARB_sync
[17:10:19] [Android Thread-16/INFO]:     - GL_ARB_shader_atomic_counters
[17:10:19] [Android Thread-16/INFO]:     - GL_ARB_instanced_arrays
[17:10:19] [Android Thread-16/INFO]:     - GL_ARB_vertex_array_object
[17:10:19] [Android Thread-16/INFO]:     - GL_ARB_sampler_objects
[17:10:19] [Android Thread-16/INFO]:     - GL_ARB_map_buffer_range
[17:10:19] [Android Thread-16/INFO]:     - GL_ARB_copy_buffer
[17:10:19] [Android Thread-16/INFO]:     - GL_ARB_copy_image
[17:10:19] [Android Thread-16/INFO]:     - GL_ARB_texture_swizzle
[17:10:19] [Android Thread-16/INFO]:     - GL_ARB_vertex_type_2_10_10_10_rev
[17:10:19] [Android Thread-16/INFO]:     - GL_ARB_texture_rg
[17:10:19] [Android Thread-16/INFO]:     - GL_ARB_depth_buffer_float
[17:10:19] [Android Thread-16/INFO]:     - GL_ARB_texture_float
[17:10:19] [Android Thread-16/INFO]:     - GL_ARB_viewport_array
[17:10:19] [Android Thread-16/INFO]:     - GL_ARB_get_program_binary
[17:10:19] [Android Thread-16/INFO]:     - GL_KHR_parallel_shader_compile
[17:10:19] [Android Thread-16/INFO]: MobileGL initialized
[17:10:19] [Android Thread-16/INFO]: Got 14 Vulkan instance extensions: 
[17:10:19] [Android Thread-16/INFO]:     VK_KHR_surface (r.25)
[17:10:19] [Android Thread-16/INFO]:     VK_KHR_surface_protected_capabilities (r.1)
[17:10:19] [Android Thread-16/INFO]:     VK_KHR_android_surface (r.6)
[17:10:19] [Android Thread-16/INFO]:     VK_EXT_swapchain_colorspace (r.5)
[17:10:19] [Android Thread-16/INFO]:     VK_KHR_get_surface_capabilities2 (r.1)
[17:10:19] [Android Thread-16/INFO]:     VK_GOOGLE_surfaceless_query (r.2)
[17:10:19] [Android Thread-16/INFO]:     VK_EXT_surface_maintenance1 (r.1)
[17:10:19] [Android Thread-16/INFO]:     VK_KHR_surface_maintenance1 (r.1)
[17:10:19] [Android Thread-16/INFO]:     VK_EXT_debug_report (r.10)
[17:10:19] [Android Thread-16/INFO]:     VK_KHR_get_physical_device_properties2 (r.1)
[17:10:19] [Android Thread-16/INFO]:     VK_KHR_external_semaphore_capabilities (r.1)
[17:10:19] [Android Thread-16/INFO]:     VK_KHR_external_memory_capabilities (r.1)
[17:10:19] [Android Thread-16/INFO]:     VK_KHR_device_group_creation (r.1)
[17:10:19] [Android Thread-16/INFO]:     VK_KHR_external_fence_capabilities (r.1)
[17:10:19] [Android Thread-16/INFO]: Validation layers not available.
[17:10:19] [Android Thread-16/INFO]: Validation layers not requested.
[17:10:19] [Android Thread-16/INFO]: Enabling 2 Vulkan instance extensions:
[17:10:19] [Android Thread-16/INFO]:     VK_KHR_surface
[17:10:19] [Android Thread-16/INFO]:     VK_KHR_android_surface
[17:10:19] [Android Thread-16/INFO]: Found 1 physical device(s).
[17:10:19] [Android Thread-16/INFO]:     Adreno (TM) 640 (Vulkan 1.1.128, INTEGRATED_GPU)
[17:10:19] [Android Thread-16/INFO]: Got 82 Vulkan device extensions: 
[17:10:19] [Android Thread-16/INFO]:     VK_KHR_incremental_present (r.2)
[17:10:19] [Android Thread-16/INFO]:     VK_EXT_present_mode_fifo_latest_ready (r.1)
[17:10:19] [Android Thread-16/INFO]:     VK_EXT_hdr_metadata (r.3)
[17:10:19] [Android Thread-16/INFO]:     VK_KHR_shared_presentable_image (r.1)
[17:10:19] [Android Thread-16/INFO]:     VK_GOOGLE_display_timing (r.1)
[17:10:19] [Android Thread-16/INFO]:     VK_KHR_present_id (r.1)
[17:10:19] [Android Thread-16/INFO]:     VK_KHR_present_id2 (r.1)
[17:10:19] [Android Thread-16/INFO]:     VK_KHR_present_wait2 (r.1)
[17:10:19] [Android Thread-16/INFO]:     VK_EXT_swapchain_maintenance1 (r.1)
[17:10:19] [Android Thread-16/INFO]:     VK_KHR_swapchain_maintenance1 (r.1)
[17:10:19] [Android Thread-16/INFO]:     VK_EXT_subgroup_size_control (r.2)
[17:10:19] [Android Thread-16/INFO]:     VK_KHR_external_memory (r.1)
[17:10:19] [Android Thread-16/INFO]:     VK_EXT_pipeline_creation_feedback (r.1)
[17:10:19] [Android Thread-16/INFO]:     VK_KHR_shader_float16_int8 (r.1)
[17:10:19] [Android Thread-16/INFO]:     VK_KHR_get_memory_requirements2 (r.1)
[17:10:19] [Android Thread-16/INFO]:     VK_KHR_copy_commands2 (r.1)
[17:10:19] [Android Thread-16/INFO]:     VK_KHR_spirv_1_4 (r.1)
[17:10:19] [Android Thread-16/INFO]:     VK_EXT_fragment_density_map (r.1)
[17:10:19] [Android Thread-16/INFO]:     VK_KHR_external_semaphore_fd (r.1)
[17:10:19] [Android Thread-16/INFO]:     VK_QCOM_render_pass_store_ops (r.2)
[17:10:19] [Android Thread-16/INFO]:     VK_KHR_external_memory_fd (r.1)
[17:10:19] [Android Thread-16/INFO]:     VK_QCOM_render_pass_shader_resolve (r.4)
[17:10:19] [Android Thread-16/INFO]:     VK_KHR_maintenance1 (r.1)
[17:10:19] [Android Thread-16/INFO]:     VK_KHR_maintenance2 (r.1)
[17:10:19] [Android Thread-16/INFO]:     VK_KHR_maintenance3 (r.1)
[17:10:19] [Android Thread-16/INFO]:     VK_KHR_separate_depth_stencil_layouts (r.1)
[17:10:19] [Android Thread-16/INFO]:     VK_EXT_image_robustness (r.1)
[17:10:19] [Android Thread-16/INFO]:     VK_KHR_buffer_device_address (r.1)
[17:10:19] [Android Thread-16/INFO]:     VK_EXT_queue_family_foreign (r.1)
[17:10:19] [Android Thread-16/INFO]:     VK_KHR_bind_memory2 (r.1)
[17:10:19] [Android Thread-16/INFO]:     VK_KHR_external_semaphore (r.1)
[17:10:19] [Android Thread-16/INFO]:     VK_KHR_shader_terminate_invocation (r.1)
[17:10:19] [Android Thread-16/INFO]:     VK_EXT_scalar_block_layout (r.1)
[17:10:19] [Android Thread-16/INFO]:     VK_KHR_sampler_ycbcr_conversion (r.1)
[17:10:19] [Android Thread-16/INFO]:     VK_EXT_vertex_attribute_divisor (r.3)
[17:10:19] [Android Thread-16/INFO]:     VK_KHR_variable_pointers (r.1)
[17:10:19] [Android Thread-16/INFO]:     VK_KHR_push_descriptor (r.1)
[17:10:19] [Android Thread-16/INFO]:     VK_EXT_device_memory_report (r.2)
[17:10:19] [Android Thread-16/INFO]:     VK_KHR_imageless_framebuffer (r.1)
[17:10:19] [Android Thread-16/INFO]:     VK_KHR_device_group (r.2)
[17:10:19] [Android Thread-16/INFO]:     VK_KHR_relaxed_block_layout (r.1)
[17:10:19] [Android Thread-16/INFO]:     VK_KHR_external_fence (r.1)
[17:10:19] [Android Thread-16/INFO]:     VK_EXT_shader_atomic_float (r.1)
[17:10:19] [Android Thread-16/INFO]:     VK_EXT_custom_border_color (r.12)
[17:10:19] [Android Thread-16/INFO]:     VK_EXT_host_query_reset (r.1)
[17:10:19] [Android Thread-16/INFO]:     VK_EXT_index_type_uint8 (r.1)
[17:10:19] [Android Thread-16/INFO]:     VK_KHR_multiview (r.1)
[17:10:19] [Android Thread-16/INFO]:     VK_KHR_storage_buffer_storage_class (r.1)
[17:10:19] [Android Thread-16/INFO]:     VK_EXT_fragment_density_map2 (r.1)
[17:10:19] [Android Thread-16/INFO]:     VK_QCOM_rotated_copy_commands (r.1)
[17:10:19] [Android Thread-16/INFO]:     VK_KHR_shader_subgroup_extended_types (r.1)
[17:10:19] [Android Thread-16/INFO]:     VK_EXT_private_data (r.1)
[17:10:19] [Android Thread-16/INFO]:     VK_EXT_pipeline_creation_cache_control (r.1)
[17:10:19] [Android Thread-16/INFO]:     VK_EXT_robustness2 (r.1)
[17:10:19] [Android Thread-16/INFO]:     VK_EXT_separate_stencil_usage (r.1)
[17:10:19] [Android Thread-16/INFO]:     VK_KHR_image_format_list (r.1)
[17:10:19] [Android Thread-16/INFO]:     VK_EXT_sampler_filter_minmax (r.1)
[17:10:19] [Android Thread-16/INFO]:     VK_KHR_pipeline_executable_properties (r.1)
[17:10:19] [Android Thread-16/INFO]:     VK_EXT_shader_demote_to_helper_invocation (r.1)
[17:10:19] [Android Thread-16/INFO]:     VK_QCOM_render_pass_transform (r.2)
[17:10:19] [Android Thread-16/INFO]:     VK_KHR_create_renderpass2 (r.1)
[17:10:19] [Android Thread-16/INFO]:     VK_EXT_blend_operation_advanced (r.1)
[17:10:19] [Android Thread-16/INFO]:     VK_EXT_provoking_vertex (r.1)
[17:10:19] [Android Thread-16/INFO]:     VK_KHR_depth_stencil_resolve (r.1)
[17:10:19] [Android Thread-16/INFO]:     VK_KHR_shader_float_controls (r.4)
[17:10:19] [Android Thread-16/INFO]:     VK_EXT_texture_compression_astc_hdr (r.1)
[17:10:19] [Android Thread-16/INFO]:     VK_EXT_global_priority (r.2)
[17:10:19] [Android Thread-16/INFO]:     VK_KHR_shader_draw_parameters (r.1)
[17:10:19] [Android Thread-16/INFO]:     VK_KHR_vulkan_memory_model (r.3)
[17:10:19] [Android Thread-16/INFO]:     VK_EXT_descriptor_indexing (r.2)
[17:10:19] [Android Thread-16/INFO]:     VK_KHR_synchronization2 (r.2)
[17:10:19] [Android Thread-16/INFO]:     VK_EXT_line_rasterization (r.1)
[17:10:19] [Android Thread-16/INFO]:     VK_KHR_descriptor_update_template (r.1)
[17:10:19] [Android Thread-16/INFO]:     VK_KHR_draw_indirect_count (r.1)
[17:10:19] [Android Thread-16/INFO]:     VK_KHR_driver_properties (r.1)
[17:10:19] [Android Thread-16/INFO]:     VK_KHR_uniform_buffer_standard_layout (r.1)
[17:10:19] [Android Thread-16/INFO]:     VK_ANDROID_external_memory_android_hardware_buffer (r.3)
[17:10:19] [Android Thread-16/INFO]:     VK_KHR_dedicated_allocation (r.1)
[17:10:19] [Android Thread-16/INFO]:     VK_EXT_primitive_topology_list_restart (r.2)
[17:10:19] [Android Thread-16/INFO]:     VK_KHR_swapchain (r.70)
[17:10:19] [Android Thread-16/INFO]:     VK_KHR_sampler_mirror_clamp_to_edge (r.1)
[17:10:19] [Android Thread-16/INFO]:     VK_KHR_external_fence_fd (r.1)
[17:10:19] [Android Thread-16/INFO]: Required extension found: VK_KHR_swapchain
[17:10:19] [Android Thread-16/INFO]:     Picked physical device. (Reason: First suitable device)
[17:10:19] [Android Thread-16/INFO]: Picked physical device 0.
[17:10:19] [Android Thread-16/INFO]: Vulkan: multiViewport UNAVAILABLE; rasterizable viewports=1 (device limit 1, GL state width 16)
[17:10:19] [Android Thread-16/WARN]: Vulkan: the device does not support the multiViewport feature; gl_ViewportIndex will always select viewport 0 and per-viewport scissor/depth-range state past index 0 cannot be rasterized (the state itself is still stored and queryable)
[17:10:19] [Android Thread-16/INFO]: Enabled optional device extension: VK_KHR_draw_indirect_count
[17:10:19] [Android Thread-16/INFO]: Enabled optional device extension: VK_KHR_shader_draw_parameters
[17:10:19] [Android Thread-16/INFO]: VK_KHR_image_format_list enabled: true
[17:10:19] [Android Thread-16/INFO]: VK_KHR_draw_indirect_count enabled: true
[17:10:19] [Android Thread-16/INFO]: Vulkan: update-after-bind descriptor layouts enabled
[17:10:19] [Android Thread-16/INFO]: Enabled optional device extension: VK_EXT_index_type_uint8
[17:10:19] [Android Thread-16/INFO]: Enabled optional device extension: VK_EXT_primitive_topology_list_restart
[17:10:19] [Android Thread-16/INFO]: Enabled optional device extension: VK_EXT_custom_border_color (maxCustomBorderColorSamplers=4000)
[17:10:19] [Android Thread-16/INFO]: Enabled optional device extension: VK_EXT_subgroup_size_control (computeFullSubgroups)
[17:10:19] [Android Thread-16/INFO]: Enabled optional device extension: VK_EXT_provoking_vertex (transformFeedbackPreservesProvokingVertex=false)
[17:10:19] [Android Thread-16/WARN]: VK_EXT_transform_feedback is unavailable; transform feedback capture will not work
[17:10:19] [Android Thread-16/INFO]: Enabled optional device extension: VK_EXT_vertex_attribute_divisor
[17:10:19] [Android Thread-16/INFO]: Device feature support: robustBufferAccess=true geometryShader=true independentBlend=true logicOp=false shaderClipDistance=true shaderCullDistance=true wideLines=false shaderInt64=false vertexStoresAtomics=true fragmentStoresAtomics=true storageImageExtendedFormats=true storageImageReadWithoutFormat=true storageImageWriteWithoutFormat=true drawIndirectFirstInstance=true multiDrawIndirect=true
[17:10:19] [Android Thread-16/INFO]: Device feature enabled: robustBufferAccess=true geometryShader=true independentBlend=true logicOp=false shaderClipDistance=true shaderCullDistance=true wideLines=false shaderInt64=false vertexStoresAtomics=true fragmentStoresAtomics=true storageImageExtendedFormats=true storageImageReadWithoutFormat=true storageImageWriteWithoutFormat=true drawIndirectFirstInstance=true multiDrawIndirect=true shaderDrawParameters=true
[17:10:19] [Android Thread-16/INFO]: Multi-draw dispatch tier: indirect (VK_EXT_multi_draw=false, multiDrawIndirect=true, mode=auto)
[17:10:19] [Android Thread-16/INFO]: index type uint8 enabled: true
[17:10:19] [Android Thread-16/INFO]: Logical device created.
[17:10:19] [Android Thread-16/INFO]: Queues got successfully.
[17:10:19] [Android Thread-16/INFO]: Timer queries supported (timestampValidBits=48, timestampPeriod=52.083332 ns/tick)
[17:10:19] [Android Thread-16/INFO]: Command pool created
[17:10:19] [Android Thread-16/INFO]: MaxFramesInFlight: configured request=3
[17:10:19] [Android Thread-16/INFO]: MaxFramesInFlight: using 3 (surface minImageCount=4, maxImageCount=64)
[17:10:19] [Android Thread-16/INFO]: CreateFrameContexts completed
[17:10:19] [Android Thread-16/INFO]: DirectVulkan: using 256 program descriptor bindings
[17:10:19] [Android Thread-16/INFO]: Got 5 surface formats:
[17:10:19] [Android Thread-16/INFO]: Picked surface format: [VK_FORMAT_R8G8B8A8_UNORM, VK_COLOR_SPACE_SRGB_NONLINEAR_KHR]
[17:10:19] [Android Thread-16/INFO]: Got 5 present modes:
[17:10:19] [Android Thread-16/INFO]: Picked present mode: VK_PRESENT_MODE_MAILBOX_KHR
[17:10:19] [Android Thread-16/INFO]: Set minImageCount = 4
[17:10:19] [Android Thread-16/INFO]: Swapchain currentTransform = VK_SURFACE_TRANSFORM_IDENTITY_BIT_KHR
[17:10:19] [Android Thread-16/INFO]: Swapchain imageUsage = 0x13 (supportedUsageFlags = 0x9f)
[17:10:19] [Android Thread-16/INFO]: Set swapchain preTransform = VK_SURFACE_TRANSFORM_IDENTITY_BIT_KHR
[17:10:19] [Android Thread-16/INFO]: Swapchain image views created
[17:10:19] [Android Thread-16/INFO]: Swapchain created, extent = 2284x1080, swapchain imageCount = 4
[17:10:19] [Android Thread-16/INFO]: DirectVulkan: suppressing depth writes on accumulation-blended pipelines (driver lacks cross-pipeline position invariance)
[17:10:19] [Android Thread-16/INFO]: Vulkan shader subgroup support: detected=true advertised=true size=64 stages=0x20 operations=0x3f
[17:10:19] [Android Thread-16/INFO]: DirectVulkan: clamped GL_MAX_COMPUTE_SHADER_STORAGE_BLOCKS from 524288 to 256
[17:10:19] [Android Thread-16/INFO]: DirectVulkan: clamped GL_MAX_COMBINED_SHADER_STORAGE_BLOCKS from 524288 to 256
[17:10:19] [Android Thread-16/INFO]: DirectVulkan: clamped GL_MAX_COMPUTE_UNIFORM_BLOCKS from 524288 to 256
[17:10:19] [Android Thread-16/INFO]: DirectVulkan: clamped GL_MAX_SHADER_STORAGE_BUFFER_BINDINGS from 524288 to 256
[17:10:19] [Android Thread-16/INFO]: DirectVulkan: clamped GL_MAX_UNIFORM_BUFFER_BINDINGS from 524288 to 256
[17:10:19] [Android Thread-16/ERROR]: NormalizePixelFormat: outFormat: unhandled internalFormat: GL_STENCIL_INDEX8
[17:10:19] [Android Thread-16/ERROR]: NormalizePixelFormat: outType: unhandled internalFormat: GL_STENCIL_INDEX8
[17:10:19] [Android Thread-16/WARN]: Stub function: glDebugMessageControl(...)
[17:10:19] [Android Thread-16/WARN]: Stub function: glDebugMessageCallback(...)
[17:10:25] [Android Thread-16/WARN]: GetOrCreateRenderPass: depth/stencil attachment id=9 starts with undefined layout and partial/no clear; using DONT_CARE for uncleared aspects
[17:10:31] [Android Thread-16/WARN]: GetOrCreateRenderPass: color attachment textureId=27 starts with undefined layout and no clear; using LOAD_OP_DONT_CARE
[17:10:38] [Android Thread-16/INFO]: VulkanRenderer shut down completed
[17:10:38] [Android Thread-16/INFO]: MobileGL closing...
